#-----------------------------------------------------------
# Vivado v2020.2 (64-bit)
# SW Build 3064766 on Wed Nov 18 09:12:45 MST 2020
# IP Build 3064653 on Wed Nov 18 14:17:31 MST 2020
# Start of session at: Mon May 15 17:17:45 2023
# Process ID: 27636
# Current directory: D:/Study in SUSTech/Second semester of junior year/Digital system design/lab/project/VGA_display
# Command line: vivado.exe -gui_launcher_event rodinguilauncherevent28652 D:\Study in SUSTech\Second semester of junior year\Digital system design\lab\project\VGA_display\VGA_display.xpr
# Log file: D:/Study in SUSTech/Second semester of junior year/Digital system design/lab/project/VGA_display/vivado.log
# Journal file: D:/Study in SUSTech/Second semester of junior year/Digital system design/lab/project/VGA_display\vivado.jou
#-----------------------------------------------------------
start_gui
open_project {D:/Study in SUSTech/Second semester of junior year/Digital system design/lab/project/VGA_display/VGA_display.xpr}
update_compile_order -fileset sources_1
