#-----------------------------------------------------------
# Vivado v2020.2 (64-bit)
# SW Build 3064766 on Wed Nov 18 09:12:45 MST 2020
# IP Build 3064653 on Wed Nov 18 14:17:31 MST 2020
# Start of session at: Mon May  8 22:28:21 2023
# Process ID: 17760
# Current directory: D:/Study in SUSTech/Second semester of junior year/Digital system design/lab/lab2/exercise6/combinational_design/combinational_design.runs/impl_1
# Command line: vivado.exe -log combinational_design.vdi -applog -product Vivado -messageDb vivado.pb -mode batch -source combinational_design.tcl -notrace
# Log file: D:/Study in SUSTech/Second semester of junior year/Digital system design/lab/lab2/exercise6/combinational_design/combinational_design.runs/impl_1/combinational_design.vdi
# Journal file: D:/Study in SUSTech/Second semester of junior year/Digital system design/lab/lab2/exercise6/combinational_design/combinational_design.runs/impl_1\vivado.jou
#-----------------------------------------------------------
source combinational_design.tcl -notrace
