#-----------------------------------------------------------
# Vivado v2020.2 (64-bit)
# SW Build 3064766 on Wed Nov 18 09:12:45 MST 2020
# IP Build 3064653 on Wed Nov 18 14:17:31 MST 2020
# Start of session at: Tue May  9 10:55:14 2023
# Process ID: 6240
# Current directory: D:/Study in SUSTech/Second semester of junior year/Digital system design/lab/lab2/exercise6/repetitive_addition_design/repetitive_addition_design.runs/synth_1
# Command line: vivado.exe -log repetive_addition.vds -product Vivado -mode batch -messageDb vivado.pb -notrace -source repetive_addition.tcl
# Log file: D:/Study in SUSTech/Second semester of junior year/Digital system design/lab/lab2/exercise6/repetitive_addition_design/repetitive_addition_design.runs/synth_1/repetive_addition.vds
# Journal file: D:/Study in SUSTech/Second semester of junior year/Digital system design/lab/lab2/exercise6/repetitive_addition_design/repetitive_addition_design.runs/synth_1\vivado.jou
#-----------------------------------------------------------
source repetive_addition.tcl -notrace
