#-----------------------------------------------------------
# Vivado v2020.2 (64-bit)
# SW Build 3064766 on Wed Nov 18 09:12:45 MST 2020
# IP Build 3064653 on Wed Nov 18 14:17:31 MST 2020
# Start of session at: Mon May  8 23:06:19 2023
# Process ID: 25524
# Current directory: D:/Study in SUSTech/Second semester of junior year/Digital system design/lab/lab2/exercise6/combinational_design
# Command line: vivado.exe -gui_launcher_event rodinguilauncherevent22988 D:\Study in SUSTech\Second semester of junior year\Digital system design\lab\lab2\exercise6\combinational_design\combinational_design.xpr
# Log file: D:/Study in SUSTech/Second semester of junior year/Digital system design/lab/lab2/exercise6/combinational_design/vivado.log
# Journal file: D:/Study in SUSTech/Second semester of junior year/Digital system design/lab/lab2/exercise6/combinational_design\vivado.jou
#-----------------------------------------------------------
start_gui
open_project {D:/Study in SUSTech/Second semester of junior year/Digital system design/lab/lab2/exercise6/combinational_design/combinational_design.xpr}
update_compile_order -fileset sources_1
open_run impl_1
