#-----------------------------------------------------------
# Webtalk v2020.2 (64-bit)
# SW Build 3064766 on Wed Nov 18 09:12:45 MST 2020
# IP Build 3064653 on Wed Nov 18 14:17:31 MST 2020
# Start of session at: Mon May  8 23:06:49 2023
# Process ID: 17040
# Current directory: D:/Study in SUSTech/Second semester of junior year/Digital system design/lab/lab2/exercise6/improved_combinational_design/improved_combinational_design.sim/sim_1/behav/xsim
# Command line: wbtcv.exe -mode batch -source D:/Study in SUSTech/Second semester of junior year/Digital system design/lab/lab2/exercise6/improved_combinational_design/improved_combinational_design.sim/sim_1/behav/xsim/xsim.dir/test_behav/webtalk/xsim_webtalk.tcl -notrace
# Log file: D:/Study in SUSTech/Second semester of junior year/Digital system design/lab/lab2/exercise6/improved_combinational_design/improved_combinational_design.sim/sim_1/behav/xsim/webtalk.log
# Journal file: D:/Study in SUSTech/Second semester of junior year/Digital system design/lab/lab2/exercise6/improved_combinational_design/improved_combinational_design.sim/sim_1/behav/xsim\webtalk.jou
#-----------------------------------------------------------
source D:/Study -notrace
